acpi-support
afl++
alsa-base
alsa-utils
anacron
ant
apport-gtk
appstream
apt-config-icons-hidpi
atop
at-spi2-core
avahi-autoipd
avahi-daemon
base-passwd
bc
bibtex2html
bluez
bluez-cups
brltty
bsdutils
btop
build-essential
bzip2
ca-certificates
calibre
cgroup-lite
cgroup-tools
chrome-gnome-shell
cm-super
code
containerd.io
cpuid
cups
cups-bsd
cups-client
cups-filters
curl
dash
debsig-verify
dia
diffutils
dirmngr
discord
djvulibre-bin
djvulibre-desktop
dmz-cursor-theme
docker-buildx-plugin
docker-ce
docker-ce-cli
docker-compose-plugin
dos2unix
dsniff
dwarves
efibootmgr
eog
ethtool
evince
exuberant-ctags
file-roller
findutils
firefox
font-manager
fonts-dejavu-core
fonts-freefont-ttf
fonts-ibm-plex
fonts-indic
fonts-kacst-one
fonts-khmeros-core
fonts-lao
fonts-liberation
fonts-liberation2
fonts-lklug-sinhala
fonts-noto-cjk
fonts-noto-color-emoji
fonts-opensymbol
fonts-powerline
fonts-sil-abyssinica
fonts-sil-padauk
fonts-thai-tlwg
fonts-tibetan-machine
fonts-ubuntu
foomatic-db-compressed-ppds
fwupd
fwupd-signed
gamemode
gcc-12
gcc-multilib
gdb-multiarch
gedit
gh
ghdl
ghostscript-x
gimp
gir1.2-clutter-1.0
gir1.2-gmenu-3.0
gir1.2-gtop-2.0
gir1.2-nm-1.0
gir1.2-nma-1.0
git
gnome-accessibility-themes
gnome-bluetooth
gnome-calculator
gnome-characters
gnome-control-center
gnome-disk-utility
gnome-font-viewer
gnome-initial-setup
gnome-keyring
gnome-logs
gnome-menus
gnome-power-manager
gnome-remote-desktop
gnome-session-canberra
gnome-settings-daemon
gnome-shell
gnome-shell-extension-appindicator
gnome-shell-extension-desktop-icons-ng
gnome-shell-extension-manager
gnome-shell-extensions
gnome-shell-extension-ubuntu-dock
gnome-shell-pomodoro
gnome-sound-recorder
gnome-system-monitor
gnome-terminal
gnome-tweaks
gnupg
google-chrome-stable
gpg-agent
grep
grub2-common
grub-common
grub-efi-amd64-bin
grub-efi-amd64-signed
grub-gfxpayload-lists
grub-pc
grub-pc-bin
gsettings-ubuntu-schemas
gstreamer1.0-alsa
gstreamer1.0-packagekit
gstreamer1.0-plugins-base-apps
gstreamer1.0-pulseaudio
gtk-sharp3
gtkwave
gvfs-fuse
gzip
hostname
hplip
htop
ibus
ibus-gtk
ibus-gtk3
ibus-table
iftop
im-config
init
inputattach
iperf3
iw
jupyter-core
keepass2
kerneloops
language-pack-en
language-pack-en-base
language-pack-gnome-en
language-pack-gnome-en-base
language-selector-common
language-selector-gnome
laptop-detect
latexmk
libatk-adaptor
libcanberra-gtk3-module
libcanberra-gtk-module
libczmq-dev
libdebconfclient0
libflashrom1
libftdi1-2
libfuse2
libglib2.0-bin
libllvm13
libnotify-bin
libnss-mdns
libpam-fprintd
libpam-gnome-keyring
libpam-sss
libprotoc23
libproxy1-plugin-gsettings
libproxy1-plugin-networkmanager
libreoffice-calc
libreoffice-impress
libreoffice-java-common
libreoffice-math
libreoffice-writer
librsvg2-bin
libsasl2-modules
libsodium-dev
libssl-dev
libu2f-udev
libwmf0.2-7-gtk
libzmq3-dev
linux-generic-hwe-22.04
linux-headers-6.8.0-60-generic
login
memtest86+
mesa-utils
meson
mokutil
mono-complete
mousetweaks
mtpaint
nasm
nautilus
nautilus-sendto
nautilus-share
ncdu
ncurses-base
ncurses-bin
nethogs
net-tools
network-manager
network-manager-config-connectivity-ubuntu
network-manager-openvpn-gnome
network-manager-pptp-gnome
nmap
ntfs-3g
obs-studio
ocrmypdf
openjdk-11-jre
openjdk-19-jdk
openprinting-ppds
openresolv
openssh-server
openssl
openvpn
orca
os-prober
p7zip-full
packagekit
packages-microsoft-prod
pandoc
pandoc-citeproc
pcmciautils
pdftk
peek
pkg-config
plymouth-theme-spinner
policykit-desktop-privileges
pomodoro-timer
printer-driver-brlaser
printer-driver-c2esp
printer-driver-foo2zjs
printer-driver-m2300w
printer-driver-min12xxw
printer-driver-pnm2ppa
printer-driver-ptouch
printer-driver-pxljr
printer-driver-sag-gdi
printer-driver-splix
procmon
protobuf-compiler
pulseaudio
pulseaudio-module-bluetooth
putty
python2
python3.14
python3.14-venv
python3-pip
python3-venv
python3-virtualenv
qemu-system-x86
remmina
retext
rfkill
screen
seahorse
shim-signed
slack-desktop
smem
snapd
software-properties-gtk
speech-dispatcher
spice-vdagent
sqlite3
sshuttle
sysbench
sysstat
system-config-printer
systemd-oomd
terminator
tesseract-ocr
texlive-bibtex-extra
texlive-fonts-extra
texlive-latex-extra
texlive-pstricks
texlive-xetex
texstudio
traceroute
transmission
transmission-gtk
ttf-mscorefonts-installer
ubuntu-desktop
ubuntu-docs
ubuntu-drivers-common
ubuntu-minimal
ubuntu-release-upgrader-gtk
ubuntu-report
ubuntu-restricted-addons
ubuntu-restricted-extras
ubuntu-session
ubuntu-settings
ubuntu-standard
ubuntu-wallpapers
unzip
update-manager
update-notifier
valgrind
vim
vim-gtk3
virt-manager
virtualbox-7.1
vlc
webp
wget
whois
whoopsie
wireguard
wireless-tools
wireshark
wpasupplicant
xchm
xcursor-themes
xdg-desktop-portal-gnome
xdg-desktop-portal-gtk
xdg-user-dirs
xdg-user-dirs-gtk
xdg-utils
xkb-data
xorg
xournal
xterm
yaru-theme-gnome-shell
yaru-theme-gtk
yaru-theme-icon
yaru-theme-sound
yelp
zenity
zip
zoom
zotero
